// Jest Snapshot v1, https://goo.gl/fbAQLP

exports[`Rendering Types 1`] = `ReactWrapper {}`;

exports[`Rendering Types 2`] = `ReactWrapper {}`;

exports[`Rendering Types 3`] = `ReactWrapper {}`;

exports[`Rendering Types 4`] = `ReactWrapper {}`;

exports[`Rendering Types 5`] = `ReactWrapper {}`;

exports[`Rendering Types 6`] = `ReactWrapper {}`;

exports[`Rendering Types 7`] = `ReactWrapper {}`;

exports[`Rendering Types 8`] = `ReactWrapper {}`;

exports[`Rendering Types 9`] = `ReactWrapper {}`;

exports[`Rendering Types 10`] = `ReactWrapper {}`;

exports[`Rendering Types 11`] = `ReactWrapper {}`;

exports[`Rendering Types 12`] = `ReactWrapper {}`;

exports[`Rendering Types 13`] = `ReactWrapper {}`;

exports[`Rendering Types 14`] = `ReactWrapper {}`;

exports[`Rendering Types 15`] = `ReactWrapper {}`;

exports[`Rendering Types 16`] = `ReactWrapper {}`;

exports[`Rendering Types 17`] = `ReactWrapper {}`;

exports[`Rendering Types 18`] = `ReactWrapper {}`;
